2025-12-09 07:47:22 [INFO] [system] [none] [none] test_module: Test log message
2025-12-09 07:47:22 [INFO] [test_tenant] [req_test_123] [exec_test_456] test_module: Test log with context
2025-12-09 07:47:22 [INFO] [test_tenant] [none] [none] test_module: Info message
2025-12-09 07:47:22 [WARNING] [test_tenant] [none] [none] test_module: Warning message
2025-12-09 07:47:22 [ERROR] [test_tenant] [none] [none] test_module: Error message
2025-12-09 11:41:41 [INFO] [system] [none] [none] test_module: Test log message
2025-12-09 11:41:41 [INFO] [test_tenant] [req_test_123] [exec_test_456] test_module: Test log with context
2025-12-09 11:41:41 [INFO] [test_tenant] [none] [none] test_module: Info message
2025-12-09 11:41:41 [WARNING] [test_tenant] [none] [none] test_module: Warning message
2025-12-09 11:41:41 [ERROR] [test_tenant] [none] [none] test_module: Error message
2025-12-09 11:41:54 [INFO] [system] [none] [none] test_module: Test log message
2025-12-09 11:41:54 [INFO] [test_tenant] [req_test_123] [exec_test_456] test_module: Test log with context
2025-12-09 11:41:54 [INFO] [test_tenant] [none] [none] test_module: Info message
2025-12-09 11:41:54 [WARNING] [test_tenant] [none] [none] test_module: Warning message
2025-12-09 11:41:54 [ERROR] [test_tenant] [none] [none] test_module: Error message
2025-12-09 12:14:24 [INFO] [system] [none] [none] test_module: Test log message
2025-12-09 12:14:24 [INFO] [test_tenant] [req_test_123] [exec_test_456] test_module: Test log with context
2025-12-09 12:14:24 [INFO] [test_tenant] [none] [none] test_module: Info message
2025-12-09 12:14:24 [WARNING] [test_tenant] [none] [none] test_module: Warning message
2025-12-09 12:14:24 [ERROR] [test_tenant] [none] [none] test_module: Error message
2025-12-09 12:23:21 [INFO] [system] [none] [none] test_module: Test log message
2025-12-09 12:23:21 [INFO] [test_tenant] [req_test_123] [exec_test_456] test_module: Test log with context
2025-12-09 12:23:21 [INFO] [test_tenant] [none] [none] test_module: Info message
2025-12-09 12:23:21 [WARNING] [test_tenant] [none] [none] test_module: Warning message
2025-12-09 12:23:21 [ERROR] [test_tenant] [none] [none] test_module: Error message
2025-12-09 12:23:42 [INFO] [system] [none] [none] test_module: Test log message
2025-12-09 12:23:42 [INFO] [test_tenant] [req_test_123] [exec_test_456] test_module: Test log with context
2025-12-09 12:23:42 [INFO] [test_tenant] [none] [none] test_module: Info message
2025-12-09 12:23:42 [WARNING] [test_tenant] [none] [none] test_module: Warning message
2025-12-09 12:23:42 [ERROR] [test_tenant] [none] [none] test_module: Error message
2025-12-09 12:24:00 [INFO] [system] [none] [none] test_module: Test log message
2025-12-09 12:24:00 [INFO] [test_tenant] [req_test_123] [exec_test_456] test_module: Test log with context
2025-12-09 12:24:00 [INFO] [test_tenant] [none] [none] test_module: Info message
2025-12-09 12:24:00 [WARNING] [test_tenant] [none] [none] test_module: Warning message
2025-12-09 12:24:00 [ERROR] [test_tenant] [none] [none] test_module: Error message
2025-12-09 12:25:01 [INFO] [system] [none] [none] test_module: Test log message
2025-12-09 12:25:01 [INFO] [test_tenant] [req_test_123] [exec_test_456] test_module: Test log with context
2025-12-09 12:25:01 [INFO] [test_tenant] [none] [none] test_module: Info message
2025-12-09 12:25:01 [WARNING] [test_tenant] [none] [none] test_module: Warning message
2025-12-09 12:25:01 [ERROR] [test_tenant] [none] [none] test_module: Error message
2025-12-09 12:25:19 [INFO] [system] [none] [none] test_module: Test log message
2025-12-09 12:25:19 [INFO] [test_tenant] [req_test_123] [exec_test_456] test_module: Test log with context
2025-12-09 12:25:19 [INFO] [test_tenant] [none] [none] test_module: Info message
2025-12-09 12:25:19 [WARNING] [test_tenant] [none] [none] test_module: Warning message
2025-12-09 12:25:19 [ERROR] [test_tenant] [none] [none] test_module: Error message
